// Jest Snapshot v1, https://goo.gl/fbAQLP

exports[`<Button /> render() should render button correctly 1`] = `
<div>
  <button
    class="sc-bwzfXH jhigKU"
  >
    Click me!
  </button>
</div>
`;
