// Jest Snapshot v1, https://goo.gl/fbAQLP

exports[`<Clipboard /> render() should render clipboard component correctly 1`] = `
<div>
  <button
    class="sc-bwzfXH jhigKU"
  >
    Copy!
  </button>
</div>
`;
