// Jest Snapshot v1, https://goo.gl/fbAQLP

exports[`<ConfirmDialogComponent /> should render confirm dialog correctly 1`] = `null`;
