// Jest Snapshot v1, https://goo.gl/fbAQLP

exports[`<Divider /> should render correctly 1`] = `
<div>
  <div
    class="sc-bdVaJa eTBnxX"
    opacity="0.3"
  />
</div>
`;
