// Jest Snapshot v1, https://goo.gl/fbAQLP

exports[`<DropdownComponent /> render() should render dropdown correctly 1`] = `
<div>
  <div
    style="height: 500px;"
  >
    <button
      class="sc-gzVnrw ksBRVA"
    >
      Show Dropdown
    </button>
  </div>
</div>
`;
