// Jest Snapshot v1, https://goo.gl/fbAQLP

exports[`<InputLabelComponent /> should render correctly 1`] = `
<div>
  <p
    class="sc-bwzfXH dvbGtP sc-bdVaJa fMeavL"
    color="#FFF"
  >
    From
  </p>
</div>
`;
