// Jest Snapshot v1, https://goo.gl/fbAQLP

exports[`<ModalComponent /> render() should render modal correctly 1`] = `
<div>
  <button
    type="button"
  >
    Open Modal
  </button>
</div>
`;
