// Jest Snapshot v1, https://goo.gl/fbAQLP

exports[`<QRCode /> render() should render qrcode component correctly 1`] = `
<div>
  <canvas
    height="128"
    style="height: 128px; width: 128px;"
    width="128"
  />
</div>
`;
