// Jest Snapshot v1, https://goo.gl/fbAQLP

exports[`<RowComponent /> should render correctly 1`] = `
<div>
  <div
    class="sc-bdVaJa lgVsKh"
  >
    <h3>
      ZEC
    </h3>
    <h3>
      React
    </h3>
    <h3>
      Wallet
    </h3>
  </div>
</div>
`;
