// Jest Snapshot v1, https://goo.gl/fbAQLP

exports[`<TransactionItem /> should render a transaction item correctly 1`] = `
<div>
  <div
    class="sc-jzJRlG bgSReS sc-bdVaJa bWRfen"
    id="transaction-item-a0s9dujo23j0"
  >
    <div
      class="sc-bdVaJa eFCRqo"
    >
      <div
        class="sc-bdVaJa eFCRqo"
      >
        <img
          alt="Transaction Type Icon"
          class="sc-cSHVUG fQARKX"
          src="[object Object]"
        />
        <div
          class="sc-kGXeez iHFhdz sc-bwzfXH iiePXZ"
          width=""
        >
          <p
            class="sc-kAzzGY gABhMI sc-htpNat ccIOzB"
          >
            send
          </p>
          <p
            class="sc-kgoBCf bfmmtg sc-htpNat pRhzD"
          >
            16:31 PM
          </p>
        </div>
      </div>
      <p
        class="sc-chPdSV bQobpM sc-htpNat pRhzD"
      >
        12345678912345678912...9123456789
      </p>
    </div>
    <div
      class="sc-bwzfXH jExuEg"
      width=""
    >
      <p
        class="sc-htpNat jAbxuE"
        color="#FF6C6C"
      >
        -ZEC 0.865
      </p>
      <p
        class="sc-htpNat dhSLjI"
        color="#5d5d65"
      >
        -USD $2.544
      </p>
    </div>
  </div>
</div>
`;
